
Clover Installer r5120 (33816ae90) (installer library v1.1.6), 2020-07-21 11:04:07
macOS Versión 10.15.6 (Compilación 19G73)
SELF = /Applications/Clover.app/Contents/MacOS/CloverDaemonNew
Backup made at:
/Users/israel/Desktop/CloverBackUp/ST1000LM024 HN-M101MBB Media/r5120_2020-07-21_11-04-02/EFI.
Target volume: /Volumes/EFI
BSD Name:      disk0s1
Filesystem:    FAT32
Is internal:   true
Is writable:   true
Installation type: BIOS
boot2: boot6

/dev/disk0 (internal, physical):
   #:                       TYPE NAME                    SIZE       IDENTIFIER
   0:      GUID_partition_scheme                        *1.0 TB     disk0
   1:                        EFI EFI                     209.7 MB   disk0s1
   2:                 Apple_APFS Container disk1         500.0 GB   disk0s2
   3:       Microsoft Basic Data                         500.0 GB   disk0s3

/dev/disk1 (synthesized):
   #:                       TYPE NAME                    SIZE       IDENTIFIER
   0:      APFS Container Scheme -                      +500.0 GB   disk1
                                 Physical Store disk0s2
   1:                APFS Volume Catalina - Datos        107.5 GB   disk1s1
   2:                APFS Volume Preboot                 220.7 MB   disk1s2
   3:                APFS Volume Recovery                528.8 MB   disk1s3
   4:                APFS Volume VM                      1.1 GB     disk1s4
   5:                APFS Volume Catalina                11.3 GB    disk1s5

/dev/disk2 (external, physical):
   #:                       TYPE NAME                    SIZE       IDENTIFIER
   0:      GUID_partition_scheme                        *128.3 GB   disk2
   1:                        EFI EFI                     209.7 MB   disk2s1
   2:                  Apple_HFS Sur                     128.0 GB   disk2s2

/dev/disk3 (external, physical):
   #:                       TYPE NAME                    SIZE       IDENTIFIER
   0:      GUID_partition_scheme                        *61.9 GB    disk3
   1:                        EFI EFI                     209.7 MB   disk3s1
   2:                  Apple_HFS Install macOS Big Su... 11.7 GB    disk3s2




Installing/Updating Clover:
+ ../BOOT/BOOTX64.efi
+ ../CLOVER/CLOVERX64.efi

Installing/Updating drivers:
+ ../UEFI/FSInject.efi
+ ../UEFI/ApfsDriverLoader.efi
+ ../UEFI/OcQuirks.efi
+ ../UEFI/OpenRuntime.efi
+ ../BIOS/FSInject.efi
+ ../BIOS/ApfsDriverLoader.efi

Installing/Updating tools:
+ ../tools/Shell64.efi
+ ../tools/bdmesg.efi
+ ../tools/Shell64U.efi
+ ../tools/Shell32.efi

Installing/Updating docs:
+ ../doc/UEFI boot with Clover.rtf
+ ../doc/boot1f32-install.sh
+ ../doc/HowToInstallOSX.txt
+ ../doc/HowToFixDsdt.txt
+ ../doc/bcfg.txt

Installing stage 2..
+ ../EFI/boot